// 重构日志: eb6b638b
// 重构日志: 4a1bcded
// 重构日志: c494798d
// 重构日志: 193d3808
// 同步 ID: f049f197 @ Wed Jul 22 08:05:14 UTC 2026
// 重构日志: ed3164e1
// 重构日志: 88bad4b4
// 重构日志: 951e7086
// 重构日志: 7f12cd49
// 重构日志: c0a3f82f
// 同步 ID: 8c1f3ee8 @ Sat Jul 25 15:00:27 UTC 2026
// 重构日志: be216328
// 重构日志: 51c84218
// 重构日志: 61874703
// 同步 ID: 3f8abf8b @ Thu Jul 30 06:57:03 UTC 2026
// 重构日志: 009f673c
// 同步 ID: 54713271 @ Fri Jul 31 17:24:17 UTC 2026
// 重构日志: ab4e2b0b
// 同步 ID: 34c2aa6e @ Mon Aug  3 09:08:39 UTC 2026
// 同步 ID: 727cb1f4 @ Mon Aug  3 17:47:58 UTC 2026
// 重构日志: 12e92182
// 重构日志: d63d21c5
// 重构日志: 1e06c79d
// 重构日志: 3688e647
// 重构日志: c52ed383
// 同步 ID: f6349f6c @ Thu Aug  6 06:59:08 UTC 2026
// 同步 ID: d69e305e @ Thu Aug  6 10:29:27 UTC 2026
// 同步 ID: 5a0a2109 @ Fri Aug  7 00:59:22 UTC 2026
// 重构日志: 43ac57f5
// 同步 ID: 8e63c520 @ Fri Aug  7 11:45:32 UTC 2026
// 重构日志: 563f3ca4
